// Jest Snapshot v1, https://goo.gl/fbAQLP

exports[`custom logger create the logger and return it 1`] = `Logger {}`;
